0 info it worked if it ends with ok
1 verbose cli [ 'C:\\Program Files\\nodejs\\node.exe',
1 verbose cli   'C:\\Program Files\\nodejs\\node_modules\\npm\\bin\\npm-cli.js',
1 verbose cli   'install' ]
2 info using npm@3.10.10
3 info using node@v6.11.0
4 silly loadCurrentTree Starting
5 silly install loadCurrentTree
6 silly install readLocalPackageData
7 silly install normalizeTree
8 silly loadCurrentTree Finishing
9 silly loadIdealTree Starting
10 silly install loadIdealTree
11 silly cloneCurrentTree Starting
12 silly install cloneCurrentTreeToIdealTree
13 silly cloneCurrentTree Finishing
14 silly loadShrinkwrap Starting
15 silly install loadShrinkwrap
16 silly loadShrinkwrap Finishing
17 silly loadAllDepsIntoIdealTree Starting
18 silly install loadAllDepsIntoIdealTree
19 silly fetchNamedPackageData elixir
20 silly mapToRegistry name elixir
21 silly mapToRegistry using default registry
22 silly mapToRegistry registry https://registry.npmjs.org/
23 silly mapToRegistry data Result {
23 silly mapToRegistry   raw: 'elixir',
23 silly mapToRegistry   scope: null,
23 silly mapToRegistry   escapedName: 'elixir',
23 silly mapToRegistry   name: 'elixir',
23 silly mapToRegistry   rawSpec: '',
23 silly mapToRegistry   spec: 'latest',
23 silly mapToRegistry   type: 'tag' }
24 silly mapToRegistry uri https://registry.npmjs.org/elixir
25 verbose request uri https://registry.npmjs.org/elixir
26 verbose request no auth needed
27 info attempt registry request try #1 at 16:30:46
28 verbose request id d46966d224074028
29 verbose etag W/"537a4fea-59a2"
30 verbose lastModified Mon, 19 May 2014 18:39:38 GMT
31 http request GET https://registry.npmjs.org/elixir
32 http 304 https://registry.npmjs.org/elixir
33 verbose headers { date: 'Sat, 01 Jul 2017 19:30:49 GMT',
33 verbose headers   via: '1.1 varnish',
33 verbose headers   'cache-control': 'max-age=300',
33 verbose headers   etag: 'W/"537a4fea-59a2"',
33 verbose headers   age: '0',
33 verbose headers   connection: 'keep-alive',
33 verbose headers   'x-served-by': 'cache-jfk8125-JFK',
33 verbose headers   'x-cache': 'HIT',
33 verbose headers   'x-cache-hits': '1',
33 verbose headers   'x-timer': 'S1498937449.457590,VS0,VE7',
33 verbose headers   vary: 'Accept-Encoding' }
34 silly get cb [ 304,
34 silly get   { date: 'Sat, 01 Jul 2017 19:30:49 GMT',
34 silly get     via: '1.1 varnish',
34 silly get     'cache-control': 'max-age=300',
34 silly get     etag: 'W/"537a4fea-59a2"',
34 silly get     age: '0',
34 silly get     connection: 'keep-alive',
34 silly get     'x-served-by': 'cache-jfk8125-JFK',
34 silly get     'x-cache': 'HIT',
34 silly get     'x-cache-hits': '1',
34 silly get     'x-timer': 'S1498937449.457590,VS0,VE7',
34 silly get     vary: 'Accept-Encoding' } ]
35 verbose etag https://registry.npmjs.org/elixir from cache
36 verbose get saving elixir to C:\Users\Junior\AppData\Roaming\npm-cache\registry.npmjs.org\elixir\.cache.json
37 verbose correctMkdir C:\Users\Junior\AppData\Roaming\npm-cache correctMkdir not in flight; initializing
38 silly resolveWithNewModule elixir@0.1.2 checking installable status
39 silly cache add args [ 'elixir@^0.1.2', null ]
40 verbose cache add spec elixir@^0.1.2
41 silly cache add parsed spec Result {
41 silly cache add   raw: 'elixir@^0.1.2',
41 silly cache add   scope: null,
41 silly cache add   escapedName: 'elixir',
41 silly cache add   name: 'elixir',
41 silly cache add   rawSpec: '^0.1.2',
41 silly cache add   spec: '>=0.1.2 <0.2.0',
41 silly cache add   type: 'range' }
42 silly addNamed elixir@>=0.1.2 <0.2.0
43 verbose addNamed ">=0.1.2 <0.2.0" is a valid semver range for elixir
44 silly addNameRange { name: 'elixir', range: '>=0.1.2 <0.2.0', hasData: false }
45 silly mapToRegistry name elixir
46 silly mapToRegistry using default registry
47 silly mapToRegistry registry https://registry.npmjs.org/
48 silly mapToRegistry data Result {
48 silly mapToRegistry   raw: 'elixir',
48 silly mapToRegistry   scope: null,
48 silly mapToRegistry   escapedName: 'elixir',
48 silly mapToRegistry   name: 'elixir',
48 silly mapToRegistry   rawSpec: '',
48 silly mapToRegistry   spec: 'latest',
48 silly mapToRegistry   type: 'tag' }
49 silly mapToRegistry uri https://registry.npmjs.org/elixir
50 verbose addNameRange registry:https://registry.npmjs.org/elixir not in flight; fetching
51 verbose get https://registry.npmjs.org/elixir not expired, no request
52 silly addNameRange number 2 { name: 'elixir', range: '>=0.1.2 <0.2.0', hasData: true }
53 silly addNameRange versions [ 'elixir',
53 silly addNameRange   [ '0.0.3',
53 silly addNameRange     '0.0.4',
53 silly addNameRange     '0.0.5',
53 silly addNameRange     '0.0.6',
53 silly addNameRange     '0.0.7',
53 silly addNameRange     '0.0.8',
53 silly addNameRange     '0.0.9',
53 silly addNameRange     '0.0.10',
53 silly addNameRange     '0.1.0',
53 silly addNameRange     '0.1.1',
53 silly addNameRange     '0.1.2' ] ]
54 silly addNamed elixir@0.1.2
55 verbose addNamed "0.1.2" is a plain semver version for elixir
56 silly cache afterAdd elixir@0.1.2
57 verbose afterAdd C:\Users\Junior\AppData\Roaming\npm-cache\elixir\0.1.2\package\package.json not in flight; writing
58 verbose correctMkdir C:\Users\Junior\AppData\Roaming\npm-cache correctMkdir not in flight; initializing
59 verbose afterAdd C:\Users\Junior\AppData\Roaming\npm-cache\elixir\0.1.2\package\package.json written
60 silly fetchNamedPackageData raptorjuice
61 silly mapToRegistry name raptorjuice
62 silly mapToRegistry using default registry
63 silly mapToRegistry registry https://registry.npmjs.org/
64 silly mapToRegistry data Result {
64 silly mapToRegistry   raw: 'raptorjuice',
64 silly mapToRegistry   scope: null,
64 silly mapToRegistry   escapedName: 'raptorjuice',
64 silly mapToRegistry   name: 'raptorjuice',
64 silly mapToRegistry   rawSpec: '',
64 silly mapToRegistry   spec: 'latest',
64 silly mapToRegistry   type: 'tag' }
65 silly mapToRegistry uri https://registry.npmjs.org/raptorjuice
66 verbose request uri https://registry.npmjs.org/raptorjuice
67 verbose request no auth needed
68 info attempt registry request try #1 at 16:30:49
69 verbose etag W/"537abcf5-76dc"
70 verbose lastModified Tue, 20 May 2014 02:24:53 GMT
71 http request GET https://registry.npmjs.org/raptorjuice
72 http 304 https://registry.npmjs.org/raptorjuice
73 verbose headers { date: 'Sat, 01 Jul 2017 19:30:50 GMT',
73 verbose headers   via: '1.1 varnish',
73 verbose headers   'cache-control': 'max-age=300',
73 verbose headers   etag: 'W/"537abcf5-76dc"',
73 verbose headers   age: '0',
73 verbose headers   connection: 'keep-alive',
73 verbose headers   'x-served-by': 'cache-jfk8125-JFK',
73 verbose headers   'x-cache': 'HIT',
73 verbose headers   'x-cache-hits': '1',
73 verbose headers   'x-timer': 'S1498937450.045568,VS0,VE66',
73 verbose headers   vary: 'Accept-Encoding' }
74 silly get cb [ 304,
74 silly get   { date: 'Sat, 01 Jul 2017 19:30:50 GMT',
74 silly get     via: '1.1 varnish',
74 silly get     'cache-control': 'max-age=300',
74 silly get     etag: 'W/"537abcf5-76dc"',
74 silly get     age: '0',
74 silly get     connection: 'keep-alive',
74 silly get     'x-served-by': 'cache-jfk8125-JFK',
74 silly get     'x-cache': 'HIT',
74 silly get     'x-cache-hits': '1',
74 silly get     'x-timer': 'S1498937450.045568,VS0,VE66',
74 silly get     vary: 'Accept-Encoding' } ]
75 verbose etag https://registry.npmjs.org/raptorjuice from cache
76 verbose get saving raptorjuice to C:\Users\Junior\AppData\Roaming\npm-cache\registry.npmjs.org\raptorjuice\.cache.json
77 verbose correctMkdir C:\Users\Junior\AppData\Roaming\npm-cache correctMkdir not in flight; initializing
78 silly resolveWithNewModule raptorjuice@0.2.12 checking installable status
79 silly cache add args [ 'raptorjuice@^0.2.11', null ]
80 verbose cache add spec raptorjuice@^0.2.11
81 silly cache add parsed spec Result {
81 silly cache add   raw: 'raptorjuice@^0.2.11',
81 silly cache add   scope: null,
81 silly cache add   escapedName: 'raptorjuice',
81 silly cache add   name: 'raptorjuice',
81 silly cache add   rawSpec: '^0.2.11',
81 silly cache add   spec: '>=0.2.11 <0.3.0',
81 silly cache add   type: 'range' }
82 silly addNamed raptorjuice@>=0.2.11 <0.3.0
83 verbose addNamed ">=0.2.11 <0.3.0" is a valid semver range for raptorjuice
84 silly addNameRange { name: 'raptorjuice', range: '>=0.2.11 <0.3.0', hasData: false }
85 silly mapToRegistry name raptorjuice
86 silly mapToRegistry using default registry
87 silly mapToRegistry registry https://registry.npmjs.org/
88 silly mapToRegistry data Result {
88 silly mapToRegistry   raw: 'raptorjuice',
88 silly mapToRegistry   scope: null,
88 silly mapToRegistry   escapedName: 'raptorjuice',
88 silly mapToRegistry   name: 'raptorjuice',
88 silly mapToRegistry   rawSpec: '',
88 silly mapToRegistry   spec: 'latest',
88 silly mapToRegistry   type: 'tag' }
89 silly mapToRegistry uri https://registry.npmjs.org/raptorjuice
90 verbose addNameRange registry:https://registry.npmjs.org/raptorjuice not in flight; fetching
91 verbose get https://registry.npmjs.org/raptorjuice not expired, no request
92 silly addNameRange number 2 { name: 'raptorjuice', range: '>=0.2.11 <0.3.0', hasData: true }
93 silly addNameRange versions [ 'raptorjuice',
93 silly addNameRange   [ '0.1.0',
93 silly addNameRange     '0.1.1',
93 silly addNameRange     '0.1.2',
93 silly addNameRange     '0.1.3',
93 silly addNameRange     '0.1.4',
93 silly addNameRange     '0.2.0',
93 silly addNameRange     '0.2.2',
93 silly addNameRange     '0.2.3',
93 silly addNameRange     '0.2.4',
93 silly addNameRange     '0.2.5',
93 silly addNameRange     '0.2.6',
93 silly addNameRange     '0.2.7',
93 silly addNameRange     '0.2.8',
93 silly addNameRange     '0.2.9',
93 silly addNameRange     '0.2.10',
93 silly addNameRange     '0.2.11',
93 silly addNameRange     '0.2.12' ] ]
94 silly addNamed raptorjuice@0.2.12
95 verbose addNamed "0.2.12" is a plain semver version for raptorjuice
96 silly cache afterAdd raptorjuice@0.2.12
97 verbose afterAdd C:\Users\Junior\AppData\Roaming\npm-cache\raptorjuice\0.2.12\package\package.json not in flight; writing
98 verbose correctMkdir C:\Users\Junior\AppData\Roaming\npm-cache correctMkdir not in flight; initializing
99 verbose afterAdd C:\Users\Junior\AppData\Roaming\npm-cache\raptorjuice\0.2.12\package\package.json written
100 silly loadAllDepsIntoIdealTree Finishing
101 silly loadIdealTree Finishing
102 silly currentTree seara
102 silly currentTree +-- @gulp-sourcemaps/map-sources@1.0.0
102 silly currentTree +-- abbrev@1.1.0
102 silly currentTree +-- accord@0.27.3
102 silly currentTree | +-- glob@7.1.2
102 silly currentTree | `-- semver@5.3.0
102 silly currentTree +-- acorn@4.0.13
102 silly currentTree +-- ajv@4.11.8
102 silly currentTree +-- align-text@0.1.4
102 silly currentTree +-- amdefine@1.0.1
102 silly currentTree +-- ansi-regex@2.1.1
102 silly currentTree +-- ansi-styles@2.2.1
102 silly currentTree +-- ansicolors@0.2.1
102 silly currentTree +-- aproba@1.1.2
102 silly currentTree +-- archy@1.0.0
102 silly currentTree +-- are-we-there-yet@1.1.4
102 silly currentTree | +-- isarray@1.0.0
102 silly currentTree | +-- readable-stream@2.3.3
102 silly currentTree | `-- string_decoder@1.0.3
102 silly currentTree +-- arr-diff@2.0.0
102 silly currentTree +-- arr-flatten@1.0.3
102 silly currentTree +-- array-differ@1.0.0
102 silly currentTree +-- array-each@1.0.1
102 silly currentTree +-- array-find-index@1.0.2
102 silly currentTree +-- array-slice@1.0.0
102 silly currentTree +-- array-union@1.0.2
102 silly currentTree +-- array-uniq@1.0.3
102 silly currentTree +-- array-unique@0.2.1
102 silly currentTree +-- arrify@1.0.1
102 silly currentTree +-- asap@2.0.5
102 silly currentTree +-- asn1@0.2.3
102 silly currentTree +-- assert-plus@0.2.0
102 silly currentTree +-- async-done@1.2.2
102 silly currentTree | `-- end-of-stream@1.4.0
102 silly currentTree |   `-- once@1.4.0
102 silly currentTree +-- async-foreach@0.1.3
102 silly currentTree +-- async@1.5.2
102 silly currentTree +-- asynckit@0.4.0
102 silly currentTree +-- atob@1.1.3
102 silly currentTree +-- autoprefixer@6.7.7
102 silly currentTree +-- aws-sign2@0.6.0
102 silly currentTree +-- aws4@1.6.0
102 silly currentTree +-- balanced-match@1.0.0
102 silly currentTree +-- bcrypt-pbkdf@1.0.1
102 silly currentTree +-- beeper@1.1.1
102 silly currentTree +-- bl@1.2.1
102 silly currentTree | +-- isarray@1.0.0
102 silly currentTree | +-- readable-stream@2.3.3
102 silly currentTree | `-- string_decoder@1.0.3
102 silly currentTree +-- block-stream@0.0.9
102 silly currentTree +-- boom@2.10.1
102 silly currentTree +-- bootstrap-sass@3.3.7
102 silly currentTree +-- bower@1.8.0
102 silly currentTree +-- brace-expansion@1.1.8
102 silly currentTree +-- braces@1.8.5
102 silly currentTree +-- browserslist@1.7.7
102 silly currentTree +-- buffer-shims@1.0.0
102 silly currentTree +-- builtin-modules@1.1.1
102 silly currentTree +-- camelcase-keys@2.1.0
102 silly currentTree | `-- camelcase@2.1.1
102 silly currentTree +-- camelcase@1.2.1
102 silly currentTree +-- caniuse-db@1.0.30000696
102 silly currentTree +-- cardinal@1.0.0
102 silly currentTree +-- caseless@0.12.0
102 silly currentTree +-- center-align@0.1.3
102 silly currentTree +-- chalk@1.1.3
102 silly currentTree +-- clean-css@3.4.27
102 silly currentTree +-- cli-table@0.3.1
102 silly currentTree +-- cli-usage@0.1.4
102 silly currentTree +-- cliui@2.1.0
102 silly currentTree +-- clone-buffer@1.0.0
102 silly currentTree +-- clone-stats@0.0.1
102 silly currentTree +-- clone@1.0.2
102 silly currentTree +-- cloneable-readable@1.0.0
102 silly currentTree +-- co@4.6.0
102 silly currentTree +-- code-point-at@1.1.0
102 silly currentTree +-- colors@1.0.3
102 silly currentTree +-- combined-stream@1.0.5
102 silly currentTree +-- commander@2.8.1
102 silly currentTree +-- concat-map@0.0.1
102 silly currentTree +-- concat-with-sourcemaps@1.0.4
102 silly currentTree | `-- source-map@0.5.6
102 silly currentTree +-- console-control-strings@1.1.0
102 silly currentTree +-- convert-source-map@1.5.0
102 silly currentTree +-- core-util-is@1.0.2
102 silly currentTree +-- cross-spawn@3.0.1
102 silly currentTree | `-- lru-cache@4.1.1
102 silly currentTree +-- cryptiles@2.0.5
102 silly currentTree +-- css@2.2.1
102 silly currentTree | `-- source-map@0.1.43
102 silly currentTree +-- currently-unhandled@0.4.1
102 silly currentTree +-- dashdash@1.14.1
102 silly currentTree | `-- assert-plus@1.0.0
102 silly currentTree +-- datatables.net-dt@1.10.15
102 silly currentTree +-- datatables.net@1.10.15
102 silly currentTree +-- dateformat@2.0.0
102 silly currentTree +-- deap@1.0.0
102 silly currentTree +-- debug-fabulous@0.0.4
102 silly currentTree | `-- object-assign@4.1.0
102 silly currentTree +-- debug@2.6.8
102 silly currentTree +-- decamelize@1.2.0
102 silly currentTree +-- defaults@1.0.3
102 silly currentTree +-- del@2.2.2
102 silly currentTree | `-- object-assign@4.1.1
102 silly currentTree +-- delayed-stream@1.0.0
102 silly currentTree +-- delegates@1.0.0
102 silly currentTree +-- deprecated@0.0.1
102 silly currentTree +-- detect-file@0.1.0
102 silly currentTree +-- detect-newline@2.1.0
102 silly currentTree +-- duplexer2@0.0.2
102 silly currentTree +-- duplexify@3.5.0
102 silly currentTree | +-- end-of-stream@1.0.0
102 silly currentTree | +-- isarray@1.0.0
102 silly currentTree | +-- readable-stream@2.3.3
102 silly currentTree | `-- string_decoder@1.0.3
102 silly currentTree +-- ecc-jsbn@0.1.1
102 silly currentTree +-- electron-to-chromium@1.3.15
102 silly currentTree +-- end-of-stream@0.1.5
102 silly currentTree +-- errno@0.1.4
102 silly currentTree +-- error-ex@1.3.1
102 silly currentTree +-- escape-string-regexp@1.0.5
102 silly currentTree +-- esprima@3.0.0
102 silly currentTree +-- expand-brackets@0.1.5
102 silly currentTree +-- expand-range@1.8.2
102 silly currentTree +-- expand-tilde@1.2.2
102 silly currentTree +-- extend@3.0.1
102 silly currentTree +-- extglob@0.3.2
102 silly currentTree +-- extsprintf@1.0.2
102 silly currentTree +-- fancy-log@1.3.0
102 silly currentTree +-- filename-regex@2.0.1
102 silly currentTree +-- fill-range@2.2.3
102 silly currentTree +-- find-index@0.1.1
102 silly currentTree +-- find-up@1.1.2
102 silly currentTree +-- findup-sync@0.4.3
102 silly currentTree +-- fined@1.1.0
102 silly currentTree | `-- expand-tilde@2.0.2
102 silly currentTree +-- first-chunk-stream@1.0.0
102 silly currentTree +-- flagged-respawn@0.3.2
102 silly currentTree +-- for-in@1.0.2
102 silly currentTree +-- for-own@0.1.5
102 silly currentTree +-- forever-agent@0.6.1
102 silly currentTree +-- fork-stream@0.0.4
102 silly currentTree +-- form-data@2.1.4
102 silly currentTree +-- form-serializer@2.5.0
102 silly currentTree +-- fs-exists-sync@0.1.0
102 silly currentTree +-- fs.realpath@1.0.0
102 silly currentTree +-- fstream@1.0.11
102 silly currentTree | `-- graceful-fs@4.1.11
102 silly currentTree +-- gauge@2.7.4
102 silly currentTree | `-- object-assign@4.1.1
102 silly currentTree +-- gaze@0.5.2
102 silly currentTree +-- get-caller-file@1.0.2
102 silly currentTree +-- get-stdin@4.0.1
102 silly currentTree +-- getpass@0.1.7
102 silly currentTree | `-- assert-plus@1.0.0
102 silly currentTree +-- glob-base@0.3.0
102 silly currentTree +-- glob-parent@2.0.0
102 silly currentTree +-- glob-stream@3.1.18
102 silly currentTree | +-- minimatch@2.0.10
102 silly currentTree | +-- readable-stream@1.0.34
102 silly currentTree | `-- through2@0.6.5
102 silly currentTree +-- glob-watcher@0.0.6
102 silly currentTree +-- glob@4.5.3
102 silly currentTree | `-- minimatch@2.0.10
102 silly currentTree +-- glob2base@0.0.12
102 silly currentTree +-- global-modules@0.2.3
102 silly currentTree +-- global-prefix@0.1.5
102 silly currentTree +-- globby@5.0.0
102 silly currentTree | +-- glob@7.1.2
102 silly currentTree | `-- object-assign@4.1.1
102 silly currentTree +-- globule@0.1.0
102 silly currentTree | +-- glob@3.1.21
102 silly currentTree | +-- graceful-fs@1.2.3
102 silly currentTree | +-- inherits@1.0.2
102 silly currentTree | `-- minimatch@0.2.14
102 silly currentTree +-- glogg@1.0.0
102 silly currentTree +-- graceful-fs@3.0.11
102 silly currentTree +-- graceful-readlink@1.0.1
102 silly currentTree +-- growly@1.3.0
102 silly currentTree +-- gulp-autoprefixer@3.1.1
102 silly currentTree +-- gulp-batch@1.0.5
102 silly currentTree +-- gulp-concat@2.6.1
102 silly currentTree | +-- clone-stats@1.0.0
102 silly currentTree | +-- clone@2.1.1
102 silly currentTree | +-- replace-ext@1.0.0
102 silly currentTree | `-- vinyl@2.1.0
102 silly currentTree +-- gulp-if@2.0.2
102 silly currentTree +-- gulp-less@3.3.2
102 silly currentTree | `-- object-assign@4.1.1
102 silly currentTree +-- gulp-load-plugins@1.5.0
102 silly currentTree +-- gulp-match@1.0.3
102 silly currentTree +-- gulp-notify@2.2.0
102 silly currentTree | +-- readable-stream@1.0.34
102 silly currentTree | `-- through2@0.6.5
102 silly currentTree +-- gulp-rename@1.2.2
102 silly currentTree +-- gulp-rev-replace@0.4.3
102 silly currentTree +-- gulp-rev@7.1.2
102 silly currentTree | `-- object-assign@4.1.1
102 silly currentTree +-- gulp-sass@2.3.2
102 silly currentTree | `-- lodash.clonedeep@4.5.0
102 silly currentTree +-- gulp-shell@0.5.2
102 silly currentTree | `-- lodash@4.17.4
102 silly currentTree +-- gulp-sourcemaps@1.12.0
102 silly currentTree | +-- graceful-fs@4.1.11
102 silly currentTree | +-- strip-bom@2.0.0
102 silly currentTree | `-- vinyl@1.2.0
102 silly currentTree +-- gulp-uglify@1.5.4
102 silly currentTree | +-- async@0.2.10
102 silly currentTree | +-- source-map@0.5.6
102 silly currentTree | `-- uglify-js@2.6.4
102 silly currentTree +-- gulp-util@3.0.8
102 silly currentTree +-- gulp@3.9.1
102 silly currentTree +-- gulplog@1.0.0
102 silly currentTree +-- har-schema@1.0.5
102 silly currentTree +-- har-validator@4.2.1
102 silly currentTree +-- has-ansi@2.0.0
102 silly currentTree +-- has-flag@1.0.0
102 silly currentTree +-- has-gulplog@0.1.0
102 silly currentTree +-- has-unicode@2.0.1
102 silly currentTree +-- hawk@3.1.3
102 silly currentTree +-- hoek@2.16.3
102 silly currentTree +-- homedir-polyfill@1.0.1
102 silly currentTree +-- hosted-git-info@2.5.0
102 silly currentTree +-- http-signature@1.1.1
102 silly currentTree +-- image-size@0.5.5
102 silly currentTree +-- in-publish@2.0.0
102 silly currentTree +-- indent-string@2.1.0
102 silly currentTree +-- indx@0.2.3
102 silly currentTree +-- inflight@1.0.6
102 silly currentTree +-- inherits@2.0.3
102 silly currentTree +-- ini@1.3.4
102 silly currentTree +-- interpret@1.0.3
102 silly currentTree +-- invert-kv@1.0.0
102 silly currentTree +-- is-absolute@0.2.6
102 silly currentTree +-- is-arrayish@0.2.1
102 silly currentTree +-- is-buffer@1.1.5
102 silly currentTree +-- is-builtin-module@1.0.0
102 silly currentTree +-- is-dotfile@1.0.3
102 silly currentTree +-- is-equal-shallow@0.1.3
102 silly currentTree +-- is-extendable@0.1.1
102 silly currentTree +-- is-extglob@1.0.0
102 silly currentTree +-- is-finite@1.0.2
102 silly currentTree +-- is-fullwidth-code-point@1.0.0
102 silly currentTree +-- is-glob@2.0.1
102 silly currentTree +-- is-number@2.1.0
102 silly currentTree +-- is-path-cwd@1.0.0
102 silly currentTree +-- is-path-in-cwd@1.0.0
102 silly currentTree +-- is-path-inside@1.0.0
102 silly currentTree +-- is-plain-obj@1.1.0
102 silly currentTree +-- is-plain-object@2.0.3
102 silly currentTree | `-- isobject@3.0.1
102 silly currentTree +-- is-posix-bracket@0.1.1
102 silly currentTree +-- is-primitive@2.0.0
102 silly currentTree +-- is-relative@0.2.1
102 silly currentTree +-- is-typedarray@1.0.0
102 silly currentTree +-- is-unc-path@0.1.2
102 silly currentTree +-- is-utf8@0.2.1
102 silly currentTree +-- is-windows@0.2.0
102 silly currentTree +-- is@3.2.1
102 silly currentTree +-- isarray@0.0.1
102 silly currentTree +-- isexe@2.0.0
102 silly currentTree +-- isobject@2.1.0
102 silly currentTree | `-- isarray@1.0.0
102 silly currentTree +-- isstream@0.1.2
102 silly currentTree +-- jquery@3.2.1
102 silly currentTree +-- js-base64@2.1.9
102 silly currentTree +-- jsbn@0.1.1
102 silly currentTree +-- json-schema@0.2.3
102 silly currentTree +-- json-stable-stringify@1.0.1
102 silly currentTree +-- json-stringify-safe@5.0.1
102 silly currentTree +-- jsonify@0.0.0
102 silly currentTree +-- jsprim@1.4.0
102 silly currentTree | `-- assert-plus@1.0.0
102 silly currentTree +-- kind-of@3.2.2
102 silly currentTree +-- laravel-elixir@6.0.0-15
102 silly currentTree | `-- glob@7.1.2
102 silly currentTree +-- lazy-cache@1.0.4
102 silly currentTree +-- lazy-debug-legacy@0.0.1
102 silly currentTree +-- lcid@1.0.0
102 silly currentTree +-- less@2.7.2
102 silly currentTree | +-- graceful-fs@4.1.11
102 silly currentTree | `-- source-map@0.5.6
102 silly currentTree +-- liftoff@2.3.0
102 silly currentTree +-- load-json-file@1.1.0
102 silly currentTree | +-- graceful-fs@4.1.11
102 silly currentTree | `-- strip-bom@2.0.0
102 silly currentTree +-- lodash._arraycopy@3.0.0
102 silly currentTree +-- lodash._arrayeach@3.0.0
102 silly currentTree +-- lodash._baseassign@3.2.0
102 silly currentTree +-- lodash._baseclone@3.3.0
102 silly currentTree +-- lodash._basecopy@3.0.1
102 silly currentTree +-- lodash._basefor@3.0.3
102 silly currentTree +-- lodash._basetostring@3.0.1
102 silly currentTree +-- lodash._basevalues@3.0.0
102 silly currentTree +-- lodash._bindcallback@3.0.1
102 silly currentTree +-- lodash._getnative@3.9.1
102 silly currentTree +-- lodash._isiterateecall@3.0.9
102 silly currentTree +-- lodash._reescape@3.0.0
102 silly currentTree +-- lodash._reevaluate@3.0.0
102 silly currentTree +-- lodash._reinterpolate@3.0.0
102 silly currentTree +-- lodash._root@3.0.1
102 silly currentTree +-- lodash.assign@4.2.0
102 silly currentTree +-- lodash.clone@4.5.0
102 silly currentTree +-- lodash.clonedeep@3.0.2
102 silly currentTree +-- lodash.defaults@4.2.0
102 silly currentTree +-- lodash.escape@3.2.0
102 silly currentTree +-- lodash.flatten@4.4.0
102 silly currentTree +-- lodash.isarguments@3.1.0
102 silly currentTree +-- lodash.isarray@3.0.4
102 silly currentTree +-- lodash.isplainobject@4.0.6
102 silly currentTree +-- lodash.isstring@4.0.1
102 silly currentTree +-- lodash.keys@3.1.2
102 silly currentTree +-- lodash.mapvalues@4.6.0
102 silly currentTree +-- lodash.merge@4.6.0
102 silly currentTree +-- lodash.partialright@4.2.1
102 silly currentTree +-- lodash.pick@4.4.0
102 silly currentTree +-- lodash.restparam@3.6.1
102 silly currentTree +-- lodash.template@3.6.2
102 silly currentTree +-- lodash.templatesettings@3.1.1
102 silly currentTree +-- lodash.uniq@4.5.0
102 silly currentTree +-- lodash@1.0.2
102 silly currentTree +-- longest@1.0.1
102 silly currentTree +-- loud-rejection@1.6.0
102 silly currentTree +-- lru-cache@2.7.3
102 silly currentTree +-- map-cache@0.2.2
102 silly currentTree +-- map-obj@1.0.1
102 silly currentTree +-- marked-terminal@1.7.0
102 silly currentTree +-- marked@0.3.6
102 silly currentTree +-- meow@3.7.0
102 silly currentTree | `-- object-assign@4.1.1
102 silly currentTree +-- merge-stream@1.0.1
102 silly currentTree | +-- isarray@1.0.0
102 silly currentTree | +-- readable-stream@2.3.3
102 silly currentTree | `-- string_decoder@1.0.3
102 silly currentTree +-- micromatch@2.3.11
102 silly currentTree +-- mime-db@1.27.0
102 silly currentTree +-- mime-types@2.1.15
102 silly currentTree +-- mime@1.3.6
102 silly currentTree +-- minimatch@3.0.4
102 silly currentTree +-- minimist@1.2.0
102 silly currentTree +-- mkdirp@0.5.1
102 silly currentTree | `-- minimist@0.0.8
102 silly currentTree +-- modify-filename@1.1.0
102 silly currentTree +-- ms@2.0.0
102 silly currentTree +-- multipipe@0.1.2
102 silly currentTree +-- nan@2.6.2
102 silly currentTree +-- natives@1.1.0
102 silly currentTree +-- new-from@0.0.3
102 silly currentTree +-- next-tick@1.0.0
102 silly currentTree +-- node-emoji@1.5.1
102 silly currentTree +-- node-gyp@3.6.2
102 silly currentTree | +-- glob@7.1.2
102 silly currentTree | +-- graceful-fs@4.1.11
102 silly currentTree | `-- semver@5.3.0
102 silly currentTree +-- node-notifier@4.6.1
102 silly currentTree | `-- semver@5.3.0
102 silly currentTree +-- node-sass@3.13.1
102 silly currentTree | +-- gaze@1.1.2
102 silly currentTree | +-- glob@7.1.2
102 silly currentTree | +-- globule@1.2.0
102 silly currentTree | +-- lodash.clonedeep@4.5.0
102 silly currentTree | `-- lodash@4.17.4
102 silly currentTree +-- node.extend@1.1.6
102 silly currentTree +-- nopt@3.0.6
102 silly currentTree +-- normalize-package-data@2.4.0
102 silly currentTree +-- normalize-path@2.1.1
102 silly currentTree +-- normalize-range@0.1.2
102 silly currentTree +-- npmlog@4.1.2
102 silly currentTree +-- num2fraction@1.2.2
102 silly currentTree +-- number-is-nan@1.0.1
102 silly currentTree +-- oauth-sign@0.8.2
102 silly currentTree +-- object-assign@3.0.0
102 silly currentTree +-- object.defaults@1.1.0
102 silly currentTree | +-- for-own@1.0.0
102 silly currentTree | `-- isobject@3.0.1
102 silly currentTree +-- object.omit@2.0.1
102 silly currentTree +-- object.pick@1.2.0
102 silly currentTree +-- once@1.3.3
102 silly currentTree +-- orchestrator@0.3.8
102 silly currentTree +-- ordered-read-streams@0.1.0
102 silly currentTree +-- os-homedir@1.0.2
102 silly currentTree +-- os-locale@1.4.0
102 silly currentTree +-- os-tmpdir@1.0.2
102 silly currentTree +-- osenv@0.1.4
102 silly currentTree +-- parse-filepath@1.0.1
102 silly currentTree +-- parse-glob@3.0.4
102 silly currentTree +-- parse-json@2.2.0
102 silly currentTree +-- parse-passwd@1.0.0
102 silly currentTree +-- path-exists@2.1.0
102 silly currentTree +-- path-is-absolute@1.0.1
102 silly currentTree +-- path-is-inside@1.0.2
102 silly currentTree +-- path-parse@1.0.5
102 silly currentTree +-- path-root-regex@0.1.2
102 silly currentTree +-- path-root@0.1.1
102 silly currentTree +-- path-type@1.1.0
102 silly currentTree | `-- graceful-fs@4.1.11
102 silly currentTree +-- path@0.12.7
102 silly currentTree +-- performance-now@0.2.0
102 silly currentTree +-- pify@2.3.0
102 silly currentTree +-- pinkie-promise@2.0.1
102 silly currentTree +-- pinkie@2.0.4
102 silly currentTree +-- postcss-value-parser@3.3.0
102 silly currentTree +-- postcss@5.2.17
102 silly currentTree | +-- source-map@0.5.6
102 silly currentTree | `-- supports-color@3.2.3
102 silly currentTree +-- preserve@0.2.0
102 silly currentTree +-- pretty-hrtime@1.0.3
102 silly currentTree +-- process-nextick-args@1.0.7
102 silly currentTree +-- process@0.11.10
102 silly currentTree +-- promise@7.3.1
102 silly currentTree +-- prr@0.0.0
102 silly currentTree +-- pseudomap@1.0.2
102 silly currentTree +-- punycode@1.4.1
102 silly currentTree +-- q@1.5.0
102 silly currentTree +-- qs@6.4.0
102 silly currentTree +-- randomatic@1.1.7
102 silly currentTree | +-- is-number@3.0.0
102 silly currentTree | | `-- kind-of@3.2.2
102 silly currentTree | `-- kind-of@4.0.0
102 silly currentTree +-- read-pkg-up@1.0.1
102 silly currentTree +-- read-pkg@1.1.0
102 silly currentTree +-- readable-stream@1.1.14
102 silly currentTree +-- rechoir@0.6.2
102 silly currentTree +-- redent@1.0.0
102 silly currentTree +-- redeyed@1.0.1
102 silly currentTree +-- regex-cache@0.4.3
102 silly currentTree +-- remove-trailing-separator@1.0.2
102 silly currentTree +-- repeat-element@1.1.2
102 silly currentTree +-- repeat-string@1.6.1
102 silly currentTree +-- repeating@2.0.1
102 silly currentTree +-- replace-ext@0.0.1
102 silly currentTree +-- request@2.81.0
102 silly currentTree +-- require-dir@0.3.2
102 silly currentTree +-- require-directory@2.1.1
102 silly currentTree +-- require-main-filename@1.0.1
102 silly currentTree +-- resolve-dir@0.1.1
102 silly currentTree +-- resolve-url@0.2.1
102 silly currentTree +-- resolve@1.3.3
102 silly currentTree +-- rev-hash@1.0.0
102 silly currentTree +-- rev-path@1.0.0
102 silly currentTree +-- right-align@0.1.3
102 silly currentTree +-- rimraf@2.6.1
102 silly currentTree | `-- glob@7.1.2
102 silly currentTree +-- run-sequence@1.2.2
102 silly currentTree +-- safe-buffer@5.1.1
102 silly currentTree +-- sass-graph@2.2.4
102 silly currentTree | +-- camelcase@3.0.0
102 silly currentTree | +-- cliui@3.2.0
102 silly currentTree | +-- glob@7.1.2
102 silly currentTree | +-- lodash@4.17.4
102 silly currentTree | `-- yargs@7.1.0
102 silly currentTree +-- scss-tokenizer@0.2.3
102 silly currentTree +-- semver@4.3.6
102 silly currentTree +-- sequencify@0.0.7
102 silly currentTree +-- set-blocking@2.0.0
102 silly currentTree +-- shellwords@0.1.0
102 silly currentTree +-- sigmund@1.0.1
102 silly currentTree +-- signal-exit@3.0.2
102 silly currentTree +-- sntp@1.0.9
102 silly currentTree +-- sort-keys@1.1.2
102 silly currentTree +-- source-map-resolve@0.3.1
102 silly currentTree +-- source-map-url@0.3.0
102 silly currentTree +-- source-map@0.4.4
102 silly currentTree +-- sparkles@1.0.0
102 silly currentTree +-- spdx-correct@1.0.2
102 silly currentTree +-- spdx-expression-parse@1.0.4
102 silly currentTree +-- spdx-license-ids@1.2.2
102 silly currentTree +-- sshpk@1.13.1
102 silly currentTree | `-- assert-plus@1.0.0
102 silly currentTree +-- stream-array@1.1.2
102 silly currentTree | +-- isarray@1.0.0
102 silly currentTree | `-- readable-stream@2.1.5
102 silly currentTree +-- stream-consume@0.1.0
102 silly currentTree +-- stream-exhaust@1.0.1
102 silly currentTree +-- stream-shift@1.0.0
102 silly currentTree +-- string_decoder@0.10.31
102 silly currentTree +-- string-width@1.0.2
102 silly currentTree +-- string.prototype.codepointat@0.2.0
102 silly currentTree +-- stringstream@0.0.5
102 silly currentTree +-- strip-ansi@3.0.1
102 silly currentTree +-- strip-bom-stream@1.0.0
102 silly currentTree | `-- strip-bom@2.0.0
102 silly currentTree +-- strip-bom@1.0.0
102 silly currentTree +-- strip-indent@1.0.1
102 silly currentTree +-- supports-color@2.0.0
102 silly currentTree +-- sweetalert2@6.6.5
102 silly currentTree +-- tar@2.2.1
102 silly currentTree +-- ternary-stream@2.0.1
102 silly currentTree +-- through2@2.0.3
102 silly currentTree | +-- isarray@1.0.0
102 silly currentTree | +-- readable-stream@2.3.3
102 silly currentTree | `-- string_decoder@1.0.3
102 silly currentTree +-- tildify@1.2.0
102 silly currentTree +-- time-stamp@1.1.0
102 silly currentTree +-- tough-cookie@2.3.2
102 silly currentTree +-- trim-newlines@1.0.0
102 silly currentTree +-- tunnel-agent@0.6.0
102 silly currentTree +-- tweetnacl@0.14.5
102 silly currentTree +-- uglify-js@2.8.29
102 silly currentTree | `-- source-map@0.5.6
102 silly currentTree +-- uglify-save-license@0.4.1
102 silly currentTree +-- uglify-to-browserify@1.0.2
102 silly currentTree +-- unc-path-regex@0.1.2
102 silly currentTree +-- underscore@1.8.3
102 silly currentTree +-- unique-stream@1.0.0
102 silly currentTree +-- urix@0.1.0
102 silly currentTree +-- user-home@1.1.1
102 silly currentTree +-- util-deprecate@1.0.2
102 silly currentTree +-- util@0.10.3
102 silly currentTree | `-- inherits@2.0.1
102 silly currentTree +-- uuid@3.1.0
102 silly currentTree +-- v8flags@2.1.1
102 silly currentTree +-- validate-npm-package-license@3.0.1
102 silly currentTree +-- verror@1.3.6
102 silly currentTree +-- vinyl-file@1.3.0
102 silly currentTree | +-- graceful-fs@4.1.11
102 silly currentTree | +-- strip-bom@2.0.0
102 silly currentTree | `-- vinyl@1.2.0
102 silly currentTree +-- vinyl-fs@0.3.14
102 silly currentTree | +-- clone@0.2.0
102 silly currentTree | +-- readable-stream@1.0.34
102 silly currentTree | +-- through2@0.6.5
102 silly currentTree | `-- vinyl@0.4.6
102 silly currentTree +-- vinyl-map2@1.2.1
102 silly currentTree +-- vinyl-sourcemaps-apply@0.2.1
102 silly currentTree | `-- source-map@0.5.6
102 silly currentTree +-- vinyl@0.5.3
102 silly currentTree +-- when@3.7.8
102 silly currentTree +-- which-module@1.0.0
102 silly currentTree +-- which@1.2.14
102 silly currentTree +-- wide-align@1.1.2
102 silly currentTree +-- window-size@0.1.0
102 silly currentTree +-- wordwrap@0.0.2
102 silly currentTree +-- wrap-ansi@2.1.0
102 silly currentTree +-- wrappy@1.0.2
102 silly currentTree +-- xtend@4.0.1
102 silly currentTree +-- y18n@3.2.1
102 silly currentTree +-- yallist@2.1.2
102 silly currentTree +-- yargs-parser@5.0.0
102 silly currentTree | `-- camelcase@3.0.0
102 silly currentTree `-- yargs@3.10.0
103 silly idealTree seara
103 silly idealTree +-- @gulp-sourcemaps/map-sources@1.0.0
103 silly idealTree +-- abbrev@1.1.0
103 silly idealTree +-- accord@0.27.3
103 silly idealTree | +-- glob@7.1.2
103 silly idealTree | `-- semver@5.3.0
103 silly idealTree +-- acorn@4.0.13
103 silly idealTree +-- ajv@4.11.8
103 silly idealTree +-- align-text@0.1.4
103 silly idealTree +-- amdefine@1.0.1
103 silly idealTree +-- ansi-regex@2.1.1
103 silly idealTree +-- ansi-styles@2.2.1
103 silly idealTree +-- ansicolors@0.2.1
103 silly idealTree +-- aproba@1.1.2
103 silly idealTree +-- archy@1.0.0
103 silly idealTree +-- are-we-there-yet@1.1.4
103 silly idealTree | +-- isarray@1.0.0
103 silly idealTree | +-- readable-stream@2.3.3
103 silly idealTree | `-- string_decoder@1.0.3
103 silly idealTree +-- arr-diff@2.0.0
103 silly idealTree +-- arr-flatten@1.0.3
103 silly idealTree +-- array-differ@1.0.0
103 silly idealTree +-- array-each@1.0.1
103 silly idealTree +-- array-find-index@1.0.2
103 silly idealTree +-- array-slice@1.0.0
103 silly idealTree +-- array-union@1.0.2
103 silly idealTree +-- array-uniq@1.0.3
103 silly idealTree +-- array-unique@0.2.1
103 silly idealTree +-- arrify@1.0.1
103 silly idealTree +-- asap@2.0.5
103 silly idealTree +-- asn1@0.2.3
103 silly idealTree +-- assert-plus@0.2.0
103 silly idealTree +-- async-done@1.2.2
103 silly idealTree | `-- end-of-stream@1.4.0
103 silly idealTree |   `-- once@1.4.0
103 silly idealTree +-- async-foreach@0.1.3
103 silly idealTree +-- async@1.5.2
103 silly idealTree +-- asynckit@0.4.0
103 silly idealTree +-- atob@1.1.3
103 silly idealTree +-- autoprefixer@6.7.7
103 silly idealTree +-- aws-sign2@0.6.0
103 silly idealTree +-- aws4@1.6.0
103 silly idealTree +-- balanced-match@1.0.0
103 silly idealTree +-- bcrypt-pbkdf@1.0.1
103 silly idealTree +-- beeper@1.1.1
103 silly idealTree +-- bl@1.2.1
103 silly idealTree | +-- isarray@1.0.0
103 silly idealTree | +-- readable-stream@2.3.3
103 silly idealTree | `-- string_decoder@1.0.3
103 silly idealTree +-- block-stream@0.0.9
103 silly idealTree +-- boom@2.10.1
103 silly idealTree +-- bootstrap-sass@3.3.7
103 silly idealTree +-- bower@1.8.0
103 silly idealTree +-- brace-expansion@1.1.8
103 silly idealTree +-- braces@1.8.5
103 silly idealTree +-- browserslist@1.7.7
103 silly idealTree +-- buffer-shims@1.0.0
103 silly idealTree +-- builtin-modules@1.1.1
103 silly idealTree +-- camelcase-keys@2.1.0
103 silly idealTree | `-- camelcase@2.1.1
103 silly idealTree +-- camelcase@1.2.1
103 silly idealTree +-- caniuse-db@1.0.30000696
103 silly idealTree +-- cardinal@1.0.0
103 silly idealTree +-- caseless@0.12.0
103 silly idealTree +-- center-align@0.1.3
103 silly idealTree +-- chalk@1.1.3
103 silly idealTree +-- clean-css@3.4.27
103 silly idealTree +-- cli-table@0.3.1
103 silly idealTree +-- cli-usage@0.1.4
103 silly idealTree +-- cliui@2.1.0
103 silly idealTree +-- clone-buffer@1.0.0
103 silly idealTree +-- clone-stats@0.0.1
103 silly idealTree +-- clone@1.0.2
103 silly idealTree +-- cloneable-readable@1.0.0
103 silly idealTree +-- co@4.6.0
103 silly idealTree +-- code-point-at@1.1.0
103 silly idealTree +-- colors@1.0.3
103 silly idealTree +-- combined-stream@1.0.5
103 silly idealTree +-- commander@2.8.1
103 silly idealTree +-- concat-map@0.0.1
103 silly idealTree +-- concat-with-sourcemaps@1.0.4
103 silly idealTree | `-- source-map@0.5.6
103 silly idealTree +-- console-control-strings@1.1.0
103 silly idealTree +-- convert-source-map@1.5.0
103 silly idealTree +-- core-util-is@1.0.2
103 silly idealTree +-- cross-spawn@3.0.1
103 silly idealTree | `-- lru-cache@4.1.1
103 silly idealTree +-- cryptiles@2.0.5
103 silly idealTree +-- css@2.2.1
103 silly idealTree | `-- source-map@0.1.43
103 silly idealTree +-- currently-unhandled@0.4.1
103 silly idealTree +-- dashdash@1.14.1
103 silly idealTree | `-- assert-plus@1.0.0
103 silly idealTree +-- datatables.net-dt@1.10.15
103 silly idealTree +-- datatables.net@1.10.15
103 silly idealTree +-- dateformat@2.0.0
103 silly idealTree +-- deap@1.0.0
103 silly idealTree +-- debug-fabulous@0.0.4
103 silly idealTree | `-- object-assign@4.1.0
103 silly idealTree +-- debug@2.6.8
103 silly idealTree +-- decamelize@1.2.0
103 silly idealTree +-- defaults@1.0.3
103 silly idealTree +-- del@2.2.2
103 silly idealTree | `-- object-assign@4.1.1
103 silly idealTree +-- delayed-stream@1.0.0
103 silly idealTree +-- delegates@1.0.0
103 silly idealTree +-- deprecated@0.0.1
103 silly idealTree +-- detect-file@0.1.0
103 silly idealTree +-- detect-newline@2.1.0
103 silly idealTree +-- duplexer2@0.0.2
103 silly idealTree +-- duplexify@3.5.0
103 silly idealTree | +-- end-of-stream@1.0.0
103 silly idealTree | +-- isarray@1.0.0
103 silly idealTree | +-- readable-stream@2.3.3
103 silly idealTree | `-- string_decoder@1.0.3
103 silly idealTree +-- ecc-jsbn@0.1.1
103 silly idealTree +-- electron-to-chromium@1.3.15
103 silly idealTree +-- elixir@0.1.2
103 silly idealTree +-- end-of-stream@0.1.5
103 silly idealTree +-- errno@0.1.4
103 silly idealTree +-- error-ex@1.3.1
103 silly idealTree +-- escape-string-regexp@1.0.5
103 silly idealTree +-- esprima@3.0.0
103 silly idealTree +-- expand-brackets@0.1.5
103 silly idealTree +-- expand-range@1.8.2
103 silly idealTree +-- expand-tilde@1.2.2
103 silly idealTree +-- extend@3.0.1
103 silly idealTree +-- extglob@0.3.2
103 silly idealTree +-- extsprintf@1.0.2
103 silly idealTree +-- fancy-log@1.3.0
103 silly idealTree +-- filename-regex@2.0.1
103 silly idealTree +-- fill-range@2.2.3
103 silly idealTree +-- find-index@0.1.1
103 silly idealTree +-- find-up@1.1.2
103 silly idealTree +-- findup-sync@0.4.3
103 silly idealTree +-- fined@1.1.0
103 silly idealTree | `-- expand-tilde@2.0.2
103 silly idealTree +-- first-chunk-stream@1.0.0
103 silly idealTree +-- flagged-respawn@0.3.2
103 silly idealTree +-- for-in@1.0.2
103 silly idealTree +-- for-own@0.1.5
103 silly idealTree +-- forever-agent@0.6.1
103 silly idealTree +-- fork-stream@0.0.4
103 silly idealTree +-- form-data@2.1.4
103 silly idealTree +-- form-serializer@2.5.0
103 silly idealTree +-- fs-exists-sync@0.1.0
103 silly idealTree +-- fs.realpath@1.0.0
103 silly idealTree +-- fstream@1.0.11
103 silly idealTree | `-- graceful-fs@4.1.11
103 silly idealTree +-- gauge@2.7.4
103 silly idealTree | `-- object-assign@4.1.1
103 silly idealTree +-- gaze@0.5.2
103 silly idealTree +-- get-caller-file@1.0.2
103 silly idealTree +-- get-stdin@4.0.1
103 silly idealTree +-- getpass@0.1.7
103 silly idealTree | `-- assert-plus@1.0.0
103 silly idealTree +-- glob-base@0.3.0
103 silly idealTree +-- glob-parent@2.0.0
103 silly idealTree +-- glob-stream@3.1.18
103 silly idealTree | +-- minimatch@2.0.10
103 silly idealTree | +-- readable-stream@1.0.34
103 silly idealTree | `-- through2@0.6.5
103 silly idealTree +-- glob-watcher@0.0.6
103 silly idealTree +-- glob@4.5.3
103 silly idealTree | `-- minimatch@2.0.10
103 silly idealTree +-- glob2base@0.0.12
103 silly idealTree +-- global-modules@0.2.3
103 silly idealTree +-- global-prefix@0.1.5
103 silly idealTree +-- globby@5.0.0
103 silly idealTree | +-- glob@7.1.2
103 silly idealTree | `-- object-assign@4.1.1
103 silly idealTree +-- globule@0.1.0
103 silly idealTree | +-- glob@3.1.21
103 silly idealTree | +-- graceful-fs@1.2.3
103 silly idealTree | +-- inherits@1.0.2
103 silly idealTree | `-- minimatch@0.2.14
103 silly idealTree +-- glogg@1.0.0
103 silly idealTree +-- graceful-fs@3.0.11
103 silly idealTree +-- graceful-readlink@1.0.1
103 silly idealTree +-- growly@1.3.0
103 silly idealTree +-- gulp-autoprefixer@3.1.1
103 silly idealTree +-- gulp-batch@1.0.5
103 silly idealTree +-- gulp-concat@2.6.1
103 silly idealTree | +-- clone-stats@1.0.0
103 silly idealTree | +-- clone@2.1.1
103 silly idealTree | +-- replace-ext@1.0.0
103 silly idealTree | `-- vinyl@2.1.0
103 silly idealTree +-- gulp-if@2.0.2
103 silly idealTree +-- gulp-less@3.3.2
103 silly idealTree | `-- object-assign@4.1.1
103 silly idealTree +-- gulp-load-plugins@1.5.0
103 silly idealTree +-- gulp-match@1.0.3
103 silly idealTree +-- gulp-notify@2.2.0
103 silly idealTree | +-- readable-stream@1.0.34
103 silly idealTree | `-- through2@0.6.5
103 silly idealTree +-- gulp-rename@1.2.2
103 silly idealTree +-- gulp-rev-replace@0.4.3
103 silly idealTree +-- gulp-rev@7.1.2
103 silly idealTree | `-- object-assign@4.1.1
103 silly idealTree +-- gulp-sass@2.3.2
103 silly idealTree | `-- lodash.clonedeep@4.5.0
103 silly idealTree +-- gulp-shell@0.5.2
103 silly idealTree | `-- lodash@4.17.4
103 silly idealTree +-- gulp-sourcemaps@1.12.0
103 silly idealTree | +-- graceful-fs@4.1.11
103 silly idealTree | +-- strip-bom@2.0.0
103 silly idealTree | `-- vinyl@1.2.0
103 silly idealTree +-- gulp-uglify@1.5.4
103 silly idealTree | +-- async@0.2.10
103 silly idealTree | +-- source-map@0.5.6
103 silly idealTree | `-- uglify-js@2.6.4
103 silly idealTree +-- gulp-util@3.0.8
103 silly idealTree +-- gulp@3.9.1
103 silly idealTree +-- gulplog@1.0.0
103 silly idealTree +-- har-schema@1.0.5
103 silly idealTree +-- har-validator@4.2.1
103 silly idealTree +-- has-ansi@2.0.0
103 silly idealTree +-- has-flag@1.0.0
103 silly idealTree +-- has-gulplog@0.1.0
103 silly idealTree +-- has-unicode@2.0.1
103 silly idealTree +-- hawk@3.1.3
103 silly idealTree +-- hoek@2.16.3
103 silly idealTree +-- homedir-polyfill@1.0.1
103 silly idealTree +-- hosted-git-info@2.5.0
103 silly idealTree +-- http-signature@1.1.1
103 silly idealTree +-- image-size@0.5.5
103 silly idealTree +-- in-publish@2.0.0
103 silly idealTree +-- indent-string@2.1.0
103 silly idealTree +-- indx@0.2.3
103 silly idealTree +-- inflight@1.0.6
103 silly idealTree +-- inherits@2.0.3
103 silly idealTree +-- ini@1.3.4
103 silly idealTree +-- interpret@1.0.3
103 silly idealTree +-- invert-kv@1.0.0
103 silly idealTree +-- is-absolute@0.2.6
103 silly idealTree +-- is-arrayish@0.2.1
103 silly idealTree +-- is-buffer@1.1.5
103 silly idealTree +-- is-builtin-module@1.0.0
103 silly idealTree +-- is-dotfile@1.0.3
103 silly idealTree +-- is-equal-shallow@0.1.3
103 silly idealTree +-- is-extendable@0.1.1
103 silly idealTree +-- is-extglob@1.0.0
103 silly idealTree +-- is-finite@1.0.2
103 silly idealTree +-- is-fullwidth-code-point@1.0.0
103 silly idealTree +-- is-glob@2.0.1
103 silly idealTree +-- is-number@2.1.0
103 silly idealTree +-- is-path-cwd@1.0.0
103 silly idealTree +-- is-path-in-cwd@1.0.0
103 silly idealTree +-- is-path-inside@1.0.0
103 silly idealTree +-- is-plain-obj@1.1.0
103 silly idealTree +-- is-plain-object@2.0.3
103 silly idealTree | `-- isobject@3.0.1
103 silly idealTree +-- is-posix-bracket@0.1.1
103 silly idealTree +-- is-primitive@2.0.0
103 silly idealTree +-- is-relative@0.2.1
103 silly idealTree +-- is-typedarray@1.0.0
103 silly idealTree +-- is-unc-path@0.1.2
103 silly idealTree +-- is-utf8@0.2.1
103 silly idealTree +-- is-windows@0.2.0
103 silly idealTree +-- is@3.2.1
103 silly idealTree +-- isarray@0.0.1
103 silly idealTree +-- isexe@2.0.0
103 silly idealTree +-- isobject@2.1.0
103 silly idealTree | `-- isarray@1.0.0
103 silly idealTree +-- isstream@0.1.2
103 silly idealTree +-- jquery@3.2.1
103 silly idealTree +-- js-base64@2.1.9
103 silly idealTree +-- jsbn@0.1.1
103 silly idealTree +-- json-schema@0.2.3
103 silly idealTree +-- json-stable-stringify@1.0.1
103 silly idealTree +-- json-stringify-safe@5.0.1
103 silly idealTree +-- jsonify@0.0.0
103 silly idealTree +-- jsprim@1.4.0
103 silly idealTree | `-- assert-plus@1.0.0
103 silly idealTree +-- kind-of@3.2.2
103 silly idealTree +-- laravel-elixir@6.0.0-15
103 silly idealTree | `-- glob@7.1.2
103 silly idealTree +-- lazy-cache@1.0.4
103 silly idealTree +-- lazy-debug-legacy@0.0.1
103 silly idealTree +-- lcid@1.0.0
103 silly idealTree +-- less@2.7.2
103 silly idealTree | +-- graceful-fs@4.1.11
103 silly idealTree | `-- source-map@0.5.6
103 silly idealTree +-- liftoff@2.3.0
103 silly idealTree +-- load-json-file@1.1.0
103 silly idealTree | +-- graceful-fs@4.1.11
103 silly idealTree | `-- strip-bom@2.0.0
103 silly idealTree +-- lodash._arraycopy@3.0.0
103 silly idealTree +-- lodash._arrayeach@3.0.0
103 silly idealTree +-- lodash._baseassign@3.2.0
103 silly idealTree +-- lodash._baseclone@3.3.0
103 silly idealTree +-- lodash._basecopy@3.0.1
103 silly idealTree +-- lodash._basefor@3.0.3
103 silly idealTree +-- lodash._basetostring@3.0.1
103 silly idealTree +-- lodash._basevalues@3.0.0
103 silly idealTree +-- lodash._bindcallback@3.0.1
103 silly idealTree +-- lodash._getnative@3.9.1
103 silly idealTree +-- lodash._isiterateecall@3.0.9
103 silly idealTree +-- lodash._reescape@3.0.0
103 silly idealTree +-- lodash._reevaluate@3.0.0
103 silly idealTree +-- lodash._reinterpolate@3.0.0
103 silly idealTree +-- lodash._root@3.0.1
103 silly idealTree +-- lodash.assign@4.2.0
103 silly idealTree +-- lodash.clone@4.5.0
103 silly idealTree +-- lodash.clonedeep@3.0.2
103 silly idealTree +-- lodash.defaults@4.2.0
103 silly idealTree +-- lodash.escape@3.2.0
103 silly idealTree +-- lodash.flatten@4.4.0
103 silly idealTree +-- lodash.isarguments@3.1.0
103 silly idealTree +-- lodash.isarray@3.0.4
103 silly idealTree +-- lodash.isplainobject@4.0.6
103 silly idealTree +-- lodash.isstring@4.0.1
103 silly idealTree +-- lodash.keys@3.1.2
103 silly idealTree +-- lodash.mapvalues@4.6.0
103 silly idealTree +-- lodash.merge@4.6.0
103 silly idealTree +-- lodash.partialright@4.2.1
103 silly idealTree +-- lodash.pick@4.4.0
103 silly idealTree +-- lodash.restparam@3.6.1
103 silly idealTree +-- lodash.template@3.6.2
103 silly idealTree +-- lodash.templatesettings@3.1.1
103 silly idealTree +-- lodash.uniq@4.5.0
103 silly idealTree +-- lodash@1.0.2
103 silly idealTree +-- longest@1.0.1
103 silly idealTree +-- loud-rejection@1.6.0
103 silly idealTree +-- lru-cache@2.7.3
103 silly idealTree +-- map-cache@0.2.2
103 silly idealTree +-- map-obj@1.0.1
103 silly idealTree +-- marked-terminal@1.7.0
103 silly idealTree +-- marked@0.3.6
103 silly idealTree +-- meow@3.7.0
103 silly idealTree | `-- object-assign@4.1.1
103 silly idealTree +-- merge-stream@1.0.1
103 silly idealTree | +-- isarray@1.0.0
103 silly idealTree | +-- readable-stream@2.3.3
103 silly idealTree | `-- string_decoder@1.0.3
103 silly idealTree +-- micromatch@2.3.11
103 silly idealTree +-- mime-db@1.27.0
103 silly idealTree +-- mime-types@2.1.15
103 silly idealTree +-- mime@1.3.6
103 silly idealTree +-- minimatch@3.0.4
103 silly idealTree +-- minimist@1.2.0
103 silly idealTree +-- mkdirp@0.5.1
103 silly idealTree | `-- minimist@0.0.8
103 silly idealTree +-- modify-filename@1.1.0
103 silly idealTree +-- ms@2.0.0
103 silly idealTree +-- multipipe@0.1.2
103 silly idealTree +-- nan@2.6.2
103 silly idealTree +-- natives@1.1.0
103 silly idealTree +-- new-from@0.0.3
103 silly idealTree +-- next-tick@1.0.0
103 silly idealTree +-- node-emoji@1.5.1
103 silly idealTree +-- node-gyp@3.6.2
103 silly idealTree | +-- glob@7.1.2
103 silly idealTree | +-- graceful-fs@4.1.11
103 silly idealTree | `-- semver@5.3.0
103 silly idealTree +-- node-notifier@4.6.1
103 silly idealTree | `-- semver@5.3.0
103 silly idealTree +-- node-sass@3.13.1
103 silly idealTree | +-- gaze@1.1.2
103 silly idealTree | +-- glob@7.1.2
103 silly idealTree | +-- globule@1.2.0
103 silly idealTree | +-- lodash.clonedeep@4.5.0
103 silly idealTree | `-- lodash@4.17.4
103 silly idealTree +-- node.extend@1.1.6
103 silly idealTree +-- nopt@3.0.6
103 silly idealTree +-- normalize-package-data@2.4.0
103 silly idealTree +-- normalize-path@2.1.1
103 silly idealTree +-- normalize-range@0.1.2
103 silly idealTree +-- npmlog@4.1.2
103 silly idealTree +-- num2fraction@1.2.2
103 silly idealTree +-- number-is-nan@1.0.1
103 silly idealTree +-- oauth-sign@0.8.2
103 silly idealTree +-- object-assign@3.0.0
103 silly idealTree +-- object.defaults@1.1.0
103 silly idealTree | +-- for-own@1.0.0
103 silly idealTree | `-- isobject@3.0.1
103 silly idealTree +-- object.omit@2.0.1
103 silly idealTree +-- object.pick@1.2.0
103 silly idealTree +-- once@1.3.3
103 silly idealTree +-- orchestrator@0.3.8
103 silly idealTree +-- ordered-read-streams@0.1.0
103 silly idealTree +-- os-homedir@1.0.2
103 silly idealTree +-- os-locale@1.4.0
103 silly idealTree +-- os-tmpdir@1.0.2
103 silly idealTree +-- osenv@0.1.4
103 silly idealTree +-- parse-filepath@1.0.1
103 silly idealTree +-- parse-glob@3.0.4
103 silly idealTree +-- parse-json@2.2.0
103 silly idealTree +-- parse-passwd@1.0.0
103 silly idealTree +-- path-exists@2.1.0
103 silly idealTree +-- path-is-absolute@1.0.1
103 silly idealTree +-- path-is-inside@1.0.2
103 silly idealTree +-- path-parse@1.0.5
103 silly idealTree +-- path-root-regex@0.1.2
103 silly idealTree +-- path-root@0.1.1
103 silly idealTree +-- path-type@1.1.0
103 silly idealTree | `-- graceful-fs@4.1.11
103 silly idealTree +-- path@0.12.7
103 silly idealTree +-- performance-now@0.2.0
103 silly idealTree +-- pify@2.3.0
103 silly idealTree +-- pinkie-promise@2.0.1
103 silly idealTree +-- pinkie@2.0.4
103 silly idealTree +-- postcss-value-parser@3.3.0
103 silly idealTree +-- postcss@5.2.17
103 silly idealTree | +-- source-map@0.5.6
103 silly idealTree | `-- supports-color@3.2.3
103 silly idealTree +-- preserve@0.2.0
103 silly idealTree +-- pretty-hrtime@1.0.3
103 silly idealTree +-- process-nextick-args@1.0.7
103 silly idealTree +-- process@0.11.10
103 silly idealTree +-- promise@7.3.1
103 silly idealTree +-- prr@0.0.0
103 silly idealTree +-- pseudomap@1.0.2
103 silly idealTree +-- punycode@1.4.1
103 silly idealTree +-- q@1.5.0
103 silly idealTree +-- qs@6.4.0
103 silly idealTree +-- randomatic@1.1.7
103 silly idealTree | +-- is-number@3.0.0
103 silly idealTree | | `-- kind-of@3.2.2
103 silly idealTree | `-- kind-of@4.0.0
103 silly idealTree +-- raptorjuice@0.2.12
103 silly idealTree +-- read-pkg-up@1.0.1
103 silly idealTree +-- read-pkg@1.1.0
103 silly idealTree +-- readable-stream@1.1.14
103 silly idealTree +-- rechoir@0.6.2
103 silly idealTree +-- redent@1.0.0
103 silly idealTree +-- redeyed@1.0.1
103 silly idealTree +-- regex-cache@0.4.3
103 silly idealTree +-- remove-trailing-separator@1.0.2
103 silly idealTree +-- repeat-element@1.1.2
103 silly idealTree +-- repeat-string@1.6.1
103 silly idealTree +-- repeating@2.0.1
103 silly idealTree +-- replace-ext@0.0.1
103 silly idealTree +-- request@2.81.0
103 silly idealTree +-- require-dir@0.3.2
103 silly idealTree +-- require-directory@2.1.1
103 silly idealTree +-- require-main-filename@1.0.1
103 silly idealTree +-- resolve-dir@0.1.1
103 silly idealTree +-- resolve-url@0.2.1
103 silly idealTree +-- resolve@1.3.3
103 silly idealTree +-- rev-hash@1.0.0
103 silly idealTree +-- rev-path@1.0.0
103 silly idealTree +-- right-align@0.1.3
103 silly idealTree +-- rimraf@2.6.1
103 silly idealTree | `-- glob@7.1.2
103 silly idealTree +-- run-sequence@1.2.2
103 silly idealTree +-- safe-buffer@5.1.1
103 silly idealTree +-- sass-graph@2.2.4
103 silly idealTree | +-- camelcase@3.0.0
103 silly idealTree | +-- cliui@3.2.0
103 silly idealTree | +-- glob@7.1.2
103 silly idealTree | +-- lodash@4.17.4
103 silly idealTree | `-- yargs@7.1.0
103 silly idealTree +-- scss-tokenizer@0.2.3
103 silly idealTree +-- semver@4.3.6
103 silly idealTree +-- sequencify@0.0.7
103 silly idealTree +-- set-blocking@2.0.0
103 silly idealTree +-- shellwords@0.1.0
103 silly idealTree +-- sigmund@1.0.1
103 silly idealTree +-- signal-exit@3.0.2
103 silly idealTree +-- sntp@1.0.9
103 silly idealTree +-- sort-keys@1.1.2
103 silly idealTree +-- source-map-resolve@0.3.1
103 silly idealTree +-- source-map-url@0.3.0
103 silly idealTree +-- source-map@0.4.4
103 silly idealTree +-- sparkles@1.0.0
103 silly idealTree +-- spdx-correct@1.0.2
103 silly idealTree +-- spdx-expression-parse@1.0.4
103 silly idealTree +-- spdx-license-ids@1.2.2
103 silly idealTree +-- sshpk@1.13.1
103 silly idealTree | `-- assert-plus@1.0.0
103 silly idealTree +-- stream-array@1.1.2
103 silly idealTree | +-- isarray@1.0.0
103 silly idealTree | `-- readable-stream@2.1.5
103 silly idealTree +-- stream-consume@0.1.0
103 silly idealTree +-- stream-exhaust@1.0.1
103 silly idealTree +-- stream-shift@1.0.0
103 silly idealTree +-- string_decoder@0.10.31
103 silly idealTree +-- string-width@1.0.2
103 silly idealTree +-- string.prototype.codepointat@0.2.0
103 silly idealTree +-- stringstream@0.0.5
103 silly idealTree +-- strip-ansi@3.0.1
103 silly idealTree +-- strip-bom-stream@1.0.0
103 silly idealTree | `-- strip-bom@2.0.0
103 silly idealTree +-- strip-bom@1.0.0
103 silly idealTree +-- strip-indent@1.0.1
103 silly idealTree +-- supports-color@2.0.0
103 silly idealTree +-- sweetalert2@6.6.5
103 silly idealTree +-- tar@2.2.1
103 silly idealTree +-- ternary-stream@2.0.1
103 silly idealTree +-- through2@2.0.3
103 silly idealTree | +-- isarray@1.0.0
103 silly idealTree | +-- readable-stream@2.3.3
103 silly idealTree | `-- string_decoder@1.0.3
103 silly idealTree +-- tildify@1.2.0
103 silly idealTree +-- time-stamp@1.1.0
103 silly idealTree +-- tough-cookie@2.3.2
103 silly idealTree +-- trim-newlines@1.0.0
103 silly idealTree +-- tunnel-agent@0.6.0
103 silly idealTree +-- tweetnacl@0.14.5
103 silly idealTree +-- uglify-js@2.8.29
103 silly idealTree | `-- source-map@0.5.6
103 silly idealTree +-- uglify-save-license@0.4.1
103 silly idealTree +-- uglify-to-browserify@1.0.2
103 silly idealTree +-- unc-path-regex@0.1.2
103 silly idealTree +-- underscore@1.8.3
103 silly idealTree +-- unique-stream@1.0.0
103 silly idealTree +-- urix@0.1.0
103 silly idealTree +-- user-home@1.1.1
103 silly idealTree +-- util-deprecate@1.0.2
103 silly idealTree +-- util@0.10.3
103 silly idealTree | `-- inherits@2.0.1
103 silly idealTree +-- uuid@3.1.0
103 silly idealTree +-- v8flags@2.1.1
103 silly idealTree +-- validate-npm-package-license@3.0.1
103 silly idealTree +-- verror@1.3.6
103 silly idealTree +-- vinyl-file@1.3.0
103 silly idealTree | +-- graceful-fs@4.1.11
103 silly idealTree | +-- strip-bom@2.0.0
103 silly idealTree | `-- vinyl@1.2.0
103 silly idealTree +-- vinyl-fs@0.3.14
103 silly idealTree | +-- clone@0.2.0
103 silly idealTree | +-- readable-stream@1.0.34
103 silly idealTree | +-- through2@0.6.5
103 silly idealTree | `-- vinyl@0.4.6
103 silly idealTree +-- vinyl-map2@1.2.1
103 silly idealTree +-- vinyl-sourcemaps-apply@0.2.1
103 silly idealTree | `-- source-map@0.5.6
103 silly idealTree +-- vinyl@0.5.3
103 silly idealTree +-- when@3.7.8
103 silly idealTree +-- which-module@1.0.0
103 silly idealTree +-- which@1.2.14
103 silly idealTree +-- wide-align@1.1.2
103 silly idealTree +-- window-size@0.1.0
103 silly idealTree +-- wordwrap@0.0.2
103 silly idealTree +-- wrap-ansi@2.1.0
103 silly idealTree +-- wrappy@1.0.2
103 silly idealTree +-- xtend@4.0.1
103 silly idealTree +-- y18n@3.2.1
103 silly idealTree +-- yallist@2.1.2
103 silly idealTree +-- yargs-parser@5.0.0
103 silly idealTree | `-- camelcase@3.0.0
103 silly idealTree `-- yargs@3.10.0
104 silly generateActionsToTake Starting
105 silly install generateActionsToTake
106 silly generateActionsToTake Finishing
107 silly diffTrees action count 2
108 silly diffTrees add raptorjuice@0.2.12
109 silly diffTrees add elixir@0.1.2
110 silly decomposeActions action count 16
111 silly decomposeActions fetch raptorjuice@0.2.12
112 silly decomposeActions extract raptorjuice@0.2.12
113 silly decomposeActions test raptorjuice@0.2.12
114 silly decomposeActions preinstall raptorjuice@0.2.12
115 silly decomposeActions build raptorjuice@0.2.12
116 silly decomposeActions install raptorjuice@0.2.12
117 silly decomposeActions postinstall raptorjuice@0.2.12
118 silly decomposeActions finalize raptorjuice@0.2.12
119 silly decomposeActions fetch elixir@0.1.2
120 silly decomposeActions extract elixir@0.1.2
121 silly decomposeActions test elixir@0.1.2
122 silly decomposeActions preinstall elixir@0.1.2
123 silly decomposeActions build elixir@0.1.2
124 silly decomposeActions install elixir@0.1.2
125 silly decomposeActions postinstall elixir@0.1.2
126 silly decomposeActions finalize elixir@0.1.2
127 silly runTopLevelLifecycles Starting
128 silly install runPreinstallTopLevelLifecycles
129 silly preinstall seara C:\Users\Junior\dev\seara\seara-50d13117
130 info lifecycle undefined~preinstall: undefined
131 silly lifecycle undefined~preinstall: no script for preinstall, continuing
132 silly executeActions Starting
133 silly install executeActions
134 silly doSerial global-install 0
135 silly doParallel fetch 2
136 verbose correctMkdir C:\Users\Junior\AppData\Roaming\npm-cache\_locks correctMkdir not in flight; initializing
137 verbose lock using C:\Users\Junior\AppData\Roaming\npm-cache\_locks\staging-de0aa67ae58fb900.lock for C:\Users\Junior\dev\seara\node_modules\.staging
138 silly doParallel extract 2
139 silly extract raptorjuice@0.2.12
140 silly extract elixir@0.1.2
141 verbose unbuild node_modules\.staging\elixir-9b34268d
142 verbose unbuild node_modules\.staging\raptorjuice-52921115
143 silly gentlyRm C:\Users\Junior\dev\seara\node_modules\.staging\elixir-9b34268d is being purged from base C:\Users\Junior\dev\seara
144 verbose gentlyRm don't care about contents; nuking C:\Users\Junior\dev\seara\node_modules\.staging\elixir-9b34268d
145 silly gentlyRm C:\Users\Junior\dev\seara\node_modules\.staging\raptorjuice-52921115 is being purged from base C:\Users\Junior\dev\seara
146 verbose gentlyRm don't care about contents; nuking C:\Users\Junior\dev\seara\node_modules\.staging\raptorjuice-52921115
147 verbose tar unpack C:\Users\Junior\AppData\Roaming\npm-cache\elixir\0.1.2\package.tgz
148 verbose tar unpacking to C:\Users\Junior\dev\seara\node_modules\.staging\elixir-9b34268d
149 silly gentlyRm C:\Users\Junior\dev\seara\node_modules\.staging\elixir-9b34268d is being purged
150 verbose gentlyRm don't care about contents; nuking C:\Users\Junior\dev\seara\node_modules\.staging\elixir-9b34268d
151 verbose tar unpack C:\Users\Junior\AppData\Roaming\npm-cache\raptorjuice\0.2.12\package.tgz
152 verbose tar unpacking to C:\Users\Junior\dev\seara\node_modules\.staging\raptorjuice-52921115
153 silly gentlyRm C:\Users\Junior\dev\seara\node_modules\.staging\raptorjuice-52921115 is being purged
154 verbose gentlyRm don't care about contents; nuking C:\Users\Junior\dev\seara\node_modules\.staging\raptorjuice-52921115
155 silly gunzTarPerm modes [ '777', '666' ]
156 silly gunzTarPerm modes [ '777', '666' ]
157 silly gunzTarPerm extractEntry package.json
158 silly gunzTarPerm modified mode [ 'package.json', 420, 438 ]
159 silly gunzTarPerm extractEntry package.json
160 silly gunzTarPerm modified mode [ 'package.json', 420, 438 ]
161 silly gunzTarPerm extractEntry README.md
162 silly gunzTarPerm modified mode [ 'README.md', 420, 438 ]
163 silly gunzTarPerm extractEntry Gruntfile.js
164 silly gunzTarPerm modified mode [ 'Gruntfile.js', 420, 438 ]
165 silly gunzTarPerm extractEntry README.md
166 silly gunzTarPerm modified mode [ 'README.md', 420, 438 ]
167 silly gunzTarPerm extractEntry Gruntfile.js
168 silly gunzTarPerm modified mode [ 'Gruntfile.js', 420, 438 ]
169 silly gunzTarPerm extractEntry index.js
170 silly gunzTarPerm modified mode [ 'index.js', 420, 438 ]
171 silly gunzTarPerm extractEntry dist/raptor.js
172 silly gunzTarPerm modified mode [ 'dist/raptor.js', 420, 438 ]
173 silly gunzTarPerm extractEntry dist/raptor.min.js
174 silly gunzTarPerm modified mode [ 'dist/raptor.min.js', 420, 438 ]
175 silly gunzTarPerm extractEntry jsdoc.json
176 silly gunzTarPerm modified mode [ 'jsdoc.json', 420, 438 ]
177 silly gunzTarPerm extractEntry post.sh
178 silly gunzTarPerm modified mode [ 'post.sh', 420, 438 ]
179 silly gunzTarPerm extractEntry spec/iterate.spec.js
180 silly gunzTarPerm modified mode [ 'spec/iterate.spec.js', 420, 438 ]
181 silly gunzTarPerm extractEntry spec/other.spec.js
182 silly gunzTarPerm modified mode [ 'spec/other.spec.js', 420, 438 ]
183 silly gunzTarPerm extractEntry spec/path.spec.js
184 silly gunzTarPerm modified mode [ 'spec/path.spec.js', 420, 438 ]
185 silly gunzTarPerm extractEntry spec/continuity/index.spec.js
186 silly gunzTarPerm modified mode [ 'spec/continuity/index.spec.js', 420, 438 ]
187 silly gunzTarPerm extractEntry spec/continuity/length.spec.js
188 silly gunzTarPerm modified mode [ 'spec/continuity/length.spec.js', 420, 438 ]
189 silly gunzTarPerm extractEntry index.js
190 silly gunzTarPerm modified mode [ 'index.js', 420, 438 ]
191 silly gunzTarPerm extractEntry spec.js
192 silly gunzTarPerm modified mode [ 'spec.js', 420, 438 ]
193 silly gunzTarPerm extractEntry jsdoc.json
194 silly gunzTarPerm modified mode [ 'jsdoc.json', 420, 438 ]
195 silly gunzTarPerm extractEntry post.sh
196 silly gunzTarPerm modified mode [ 'post.sh', 420, 438 ]
197 silly gentlyRm C:\Users\Junior\dev\seara\node_modules\.staging\elixir-9b34268d\node_modules is being purged
198 verbose gentlyRm don't care about contents; nuking C:\Users\Junior\dev\seara\node_modules\.staging\elixir-9b34268d\node_modules
199 silly gentlyRm C:\Users\Junior\dev\seara\node_modules\.staging\raptorjuice-52921115\node_modules is being purged
200 verbose gentlyRm don't care about contents; nuking C:\Users\Junior\dev\seara\node_modules\.staging\raptorjuice-52921115\node_modules
201 silly doParallel preinstall 2
202 silly preinstall raptorjuice@0.2.12 C:\Users\Junior\dev\seara\node_modules\.staging\raptorjuice-52921115
203 info lifecycle raptorjuice@0.2.12~preinstall: raptorjuice@0.2.12
204 silly preinstall elixir@0.1.2 C:\Users\Junior\dev\seara\node_modules\.staging\elixir-9b34268d
205 info lifecycle elixir@0.1.2~preinstall: elixir@0.1.2
206 silly lifecycle raptorjuice@0.2.12~preinstall: no script for preinstall, continuing
207 silly lifecycle elixir@0.1.2~preinstall: no script for preinstall, continuing
208 silly doReverseSerial remove 0
209 silly doSerial move 0
210 silly doSerial finalize 2
211 silly finalize C:\Users\Junior\dev\seara\node_modules\raptorjuice
212 silly finalize C:\Users\Junior\dev\seara\node_modules\elixir
213 silly doSerial build 2
214 silly build raptorjuice@0.2.12
215 info linkStuff raptorjuice@0.2.12
216 silly linkStuff raptorjuice@0.2.12 has C:\Users\Junior\dev\seara\node_modules as its parent node_modules
217 verbose linkBins raptorjuice@0.2.12
218 verbose linkMans raptorjuice@0.2.12
219 silly build elixir@0.1.2
220 info linkStuff elixir@0.1.2
221 silly linkStuff elixir@0.1.2 has C:\Users\Junior\dev\seara\node_modules as its parent node_modules
222 verbose linkBins elixir@0.1.2
223 verbose linkMans elixir@0.1.2
224 silly doSerial global-link 0
225 silly doParallel update-linked 0
226 silly doSerial install 2
227 silly install raptorjuice@0.2.12 C:\Users\Junior\dev\seara\node_modules\.staging\raptorjuice-52921115
228 info lifecycle raptorjuice@0.2.12~install: raptorjuice@0.2.12
229 silly lifecycle raptorjuice@0.2.12~install: no script for install, continuing
230 silly install elixir@0.1.2 C:\Users\Junior\dev\seara\node_modules\.staging\elixir-9b34268d
231 info lifecycle elixir@0.1.2~install: elixir@0.1.2
232 silly lifecycle elixir@0.1.2~install: no script for install, continuing
233 silly doSerial postinstall 2
234 silly postinstall raptorjuice@0.2.12 C:\Users\Junior\dev\seara\node_modules\.staging\raptorjuice-52921115
235 info lifecycle raptorjuice@0.2.12~postinstall: raptorjuice@0.2.12
236 verbose lifecycle raptorjuice@0.2.12~postinstall: unsafe-perm in lifecycle true
237 verbose lifecycle raptorjuice@0.2.12~postinstall: PATH: C:\Program Files\nodejs\node_modules\npm\bin\node-gyp-bin;C:\Users\Junior\dev\seara\node_modules\raptorjuice\node_modules\.bin;C:\Users\Junior\dev\seara\node_modules\.bin;C:\Users\Junior\AppData\Roaming\npm;C:\Program Files\nodejs\;C:\Program Files (x86)\Common Files\Intel\Shared Files\cpp\bin\Intel64;C:\WINDOWS\system32;C:\WINDOWS;C:\WINDOWS\System32\Wbem;C:\WINDOWS\System32\WindowsPowerShell\v1.0\;C:\xampp\php;C:\ProgramData\ComposerSetup\bin;C:\Program Files\Git\cmd;C:\xampp\php;C:\Program Files\PuTTY\;C:\Program Files\nodejs\;C:\HashiCorp\Vagrant\bin;C:\Users\Junior\AppData\Local\Microsoft\WindowsApps;C:\Users\Junior\AppData\Roaming\npm
238 verbose lifecycle raptorjuice@0.2.12~postinstall: CWD: C:\Users\Junior\dev\seara\node_modules\raptorjuice
239 silly lifecycle raptorjuice@0.2.12~postinstall: Args: [ '/d /s /c', '/usr/bin/env bash post.sh' ]
240 silly lifecycle raptorjuice@0.2.12~postinstall: Returned: code: 1  signal: null
241 info lifecycle raptorjuice@0.2.12~postinstall: Failed to exec postinstall script
242 verbose unlock done using C:\Users\Junior\AppData\Roaming\npm-cache\_locks\staging-de0aa67ae58fb900.lock for C:\Users\Junior\dev\seara\node_modules\.staging
243 silly rollbackFailedOptional Starting
244 silly rollbackFailedOptional Finishing
245 silly runTopLevelLifecycles Finishing
246 silly install printInstalled
247 verbose stack Error: raptorjuice@0.2.12 postinstall: `/usr/bin/env bash post.sh`
247 verbose stack Exit status 1
247 verbose stack     at EventEmitter.<anonymous> (C:\Program Files\nodejs\node_modules\npm\lib\utils\lifecycle.js:255:16)
247 verbose stack     at emitTwo (events.js:106:13)
247 verbose stack     at EventEmitter.emit (events.js:191:7)
247 verbose stack     at ChildProcess.<anonymous> (C:\Program Files\nodejs\node_modules\npm\lib\utils\spawn.js:40:14)
247 verbose stack     at emitTwo (events.js:106:13)
247 verbose stack     at ChildProcess.emit (events.js:191:7)
247 verbose stack     at maybeClose (internal/child_process.js:891:16)
247 verbose stack     at Process.ChildProcess._handle.onexit (internal/child_process.js:226:5)
248 verbose pkgid raptorjuice@0.2.12
249 verbose cwd C:\Users\Junior\dev\seara
250 error Windows_NT 10.0.14393
251 error argv "C:\\Program Files\\nodejs\\node.exe" "C:\\Program Files\\nodejs\\node_modules\\npm\\bin\\npm-cli.js" "install"
252 error node v6.11.0
253 error npm  v3.10.10
254 error code ELIFECYCLE
255 error raptorjuice@0.2.12 postinstall: `/usr/bin/env bash post.sh`
255 error Exit status 1
256 error Failed at the raptorjuice@0.2.12 postinstall script '/usr/bin/env bash post.sh'.
256 error Make sure you have the latest version of node.js and npm installed.
256 error If you do, this is most likely a problem with the raptorjuice package,
256 error not with npm itself.
256 error Tell the author that this fails on your system:
256 error     /usr/bin/env bash post.sh
256 error You can get information on how to open an issue for this project with:
256 error     npm bugs raptorjuice
256 error Or if that isn't available, you can get their info via:
256 error     npm owner ls raptorjuice
256 error There is likely additional logging output above.
257 verbose exit [ 1, true ]
